// Jest Snapshot v1, https://goo.gl/fbAQLP

exports[`StyleSheet getSheet 1`] = `
{
  "id": "react-native-stylesheet",
  "textContent": "[stylesheet-group=\\"0\\"] {}
body {margin: 0;}
body:not(.focusvisible) :focus {outline: none;}
button::-moz-focus-inner,input::-moz-focus-inner {border: 0; padding: 0;}
html {-ms-text-size-adjust: 100%; -webkit-text-size-adjust: 100%; -webkit-tap-highlight-color: rgba(0,0,0,0);}
input::-webkit-search-cancel-button,input::-webkit-search-decorationinput::-webkit-search-results-button,input::-webkit-search-results-decoration {display: none;}
[stylesheet-group=\\"2.2\\"]{}
.r-bottom-1p0dtai{bottom:0px;}
.r-left-1d2f490{left:0px;}
.r-position-u8s1d{position:absolute;}
.r-right-zchlnj{right:0px;}
.r-top-ipm5af{top:0px;}",
}
`;
